// Jest Snapshot v1, https://goo.gl/fbAQLP

exports[`Home renders correctly 1`] = `
<div
  className="home-container"
>
  <img
    alt="logo-light"
    className="home-logo"
    src="logo-light.png"
  />
  <div
    className="home-search-container"
  >
    <input
      className="home-search-input"
      onChange={[Function]}
      onKeyDown={[Function]}
      placeholder="Enter a venue..."
      value=""
    />
    <Button
      align="right"
      onClick={[Function]}
      theme="dark"
    >
      SEARCH
    </Button>
  </div>
</div>
`;
